// Vitest Snapshot v1, https://vitest.dev/guide/snapshot.html

exports[`Research Hub substrate — PER_TOUCHPOINT_CAP > exposes the canonical cap map across all V1+V2 touchpoints (snapshot) 1`] = `
{
  "constraint_excavator": 2,
  "contestability_probe": 1,
  "counter_framing_voicer": 1,
  "dominated_solution_finder": 2,
  "failure_mode_critic": 2,
  "honest_uncertainty": 2,
  "model_surfacer": 3,
  "no_ai_stage_sentinel": 0,
  "source_lateral_probe": 2,
  "stakeholder_translator": 2,
  "standpoint_mirror": 1,
  "steelman_second_pass": 2,
  "tradeoff_inverter": 1,
  "warrant_questioner": 3,
  "wonder_sorter": 2,
}
`;

exports[`Research Hub substrate — emptyJournal v:6 > canonical top-level field set is pinned (snapshot) 1`] = `
[
  "absentVoices",
  "activeInquiryEpisodeId",
  "activeLane",
  "activeMethodPack",
  "activeStage",
  "aiCallCount",
  "aiHistory",
  "authorshipLog",
  "buildLog",
  "candidateConcepts",
  "capturedArtifacts",
  "claimEvidenceLinks",
  "claims",
  "compositions",
  "constraintMatrix",
  "createdAt",
  "criteria",
  "criteriaWeightLog",
  "decisionMatrix",
  "designClaims",
  "devLevel",
  "evidenceCards",
  "failureLog",
  "framingProbes",
  "framings",
  "genreChoice",
  "humanitiesPlausibleAnswers",
  "humanitiesPosition",
  "inquiryEpisodes",
  "loopBacks",
  "methodPackHistory",
  "modelSnapshots",
  "pendingLoopReturn",
  "positionality",
  "positionalitySnapshots",
  "questionStakeholders",
  "questionTitle",
  "sessionStartedAt",
  "sources",
  "stageNotes",
  "stakeholderFeedback",
  "stakeholderProfile",
  "stakesAudience",
  "testProtocol",
  "testRun",
  "tradeOffLedger",
  "updatedAt",
  "v",
  "wonderings",
]
`;
