// Vitest Snapshot v1, https://vitest.dev/guide/snapshot.html

exports[`basic-math manipulatives render goldens (default state) > renders + pins a digest for areamodel 1`] = `
{
  "buttons": 42,
  "circles": 0,
  "inputs": 3,
  "lengthBucket": 100,
  "rects": 0,
  "sha": "a0724ef26ff132a5",
  "svgs": 0,
}
`;

exports[`basic-math manipulatives render goldens (default state) > renders + pins a digest for base10 1`] = `
{
  "buttons": 51,
  "circles": 0,
  "inputs": 1,
  "lengthBucket": 97,
  "rects": 0,
  "sha": "7d2882404b1b9355",
  "svgs": 0,
}
`;

exports[`basic-math manipulatives render goldens (default state) > renders + pins a digest for coordinate 1`] = `
{
  "buttons": 14,
  "circles": 0,
  "inputs": 1,
  "lengthBucket": 66,
  "rects": 0,
  "sha": "40a82a933143086e",
  "svgs": 1,
}
`;

exports[`basic-math manipulatives render goldens (default state) > renders + pins a digest for fractionViz 1`] = `
{
  "buttons": 41,
  "circles": 1,
  "inputs": 2,
  "lengthBucket": 75,
  "rects": 0,
  "sha": "9558ab0afdd95168",
  "svgs": 1,
}
`;

exports[`basic-math manipulatives render goldens (default state) > renders + pins a digest for fractions 1`] = `
{
  "buttons": 41,
  "circles": 1,
  "inputs": 2,
  "lengthBucket": 75,
  "rects": 0,
  "sha": "9558ab0afdd95168",
  "svgs": 1,
}
`;

exports[`basic-math manipulatives render goldens (default state) > renders + pins a digest for moneyMath 1`] = `
{
  "buttons": 29,
  "circles": 7,
  "inputs": 0,
  "lengthBucket": 104,
  "rects": 9,
  "sha": "d2d45e18e9e86039",
  "svgs": 1,
}
`;

exports[`basic-math manipulatives render goldens (default state) > renders + pins a digest for multtable 1`] = `
{
  "buttons": 22,
  "circles": 0,
  "inputs": 4,
  "lengthBucket": 161,
  "rects": 0,
  "sha": "b7b64e598833f106",
  "svgs": 0,
}
`;

exports[`basic-math manipulatives render goldens (default state) > renders + pins a digest for numberline 1`] = `
{
  "buttons": 21,
  "circles": 0,
  "inputs": 5,
  "lengthBucket": 82,
  "rects": 1,
  "sha": "166cc2311d952827",
  "svgs": 2,
}
`;

exports[`basic-math manipulatives render goldens (default state) > renders + pins a digest for protractor 1`] = `
{
  "buttons": 69,
  "circles": 3,
  "inputs": 4,
  "lengthBucket": 157,
  "rects": 0,
  "sha": "8ac88f0ae453407a",
  "svgs": 1,
}
`;

exports[`basic-math manipulatives render goldens (default state) > renders + pins a digest for volume 1`] = `
{
  "buttons": 28,
  "circles": 0,
  "inputs": 9,
  "lengthBucket": 179,
  "rects": 0,
  "sha": "f28d6a6f638c7fda",
  "svgs": 0,
}
`;
