// Vitest Snapshot v1, https://vitest.dev/guide/snapshot.html

exports[`career/nature long-tail render goldens (default state) > renders + pins a digest for autoRepair 1`] = `
{
  "buttons": 49,
  "inputs": 0,
  "lengthBucket": 283,
  "sha": "d345ebaaa5057e52",
  "svgs": 1,
}
`;

exports[`career/nature long-tail render goldens (default state) > renders + pins a digest for behaviorLab 1`] = `
{
  "buttons": 19,
  "inputs": 4,
  "lengthBucket": 57,
  "sha": "0d3904e5f4505c33",
  "svgs": 0,
}
`;

exports[`career/nature long-tail render goldens (default state) > renders + pins a digest for bikeLab 1`] = `
{
  "buttons": 11,
  "inputs": 0,
  "lengthBucket": 71,
  "sha": "cdfdd8ca7560ebcf",
  "svgs": 0,
}
`;

exports[`career/nature long-tail render goldens (default state) > renders + pins a digest for codingPlayground 1`] = `
{
  "buttons": 45,
  "inputs": 0,
  "lengthBucket": 114,
  "sha": "3eb1f9569c7df5aa",
  "svgs": 0,
}
`;

exports[`career/nature long-tail render goldens (default state) > renders + pins a digest for companionPlanting 1`] = `
{
  "buttons": 20,
  "inputs": 0,
  "lengthBucket": 103,
  "sha": "357b6a365c827945",
  "svgs": 0,
}
`;

exports[`career/nature long-tail render goldens (default state) > renders + pins a digest for decomposer 1`] = `
{
  "buttons": 30,
  "inputs": 0,
  "lengthBucket": 92,
  "sha": "dfff27a58c5b155a",
  "svgs": 0,
}
`;

exports[`career/nature long-tail render goldens (default state) > renders + pins a digest for economicsLab 1`] = `
{
  "buttons": 25,
  "inputs": 7,
  "lengthBucket": 65,
  "sha": "d577b397476a6222",
  "svgs": 0,
}
`;

exports[`career/nature long-tail render goldens (default state) > renders + pins a digest for evoLab 1`] = `
{
  "buttons": 28,
  "inputs": 0,
  "lengthBucket": 191,
  "sha": "659e1eae83cf1840",
  "svgs": 0,
}
`;

exports[`career/nature long-tail render goldens (default state) > renders + pins a digest for firstResponse 1`] = `
{
  "buttons": 1,
  "inputs": 0,
  "lengthBucket": 9,
  "sha": "41c00f6a1864c99b",
  "svgs": 0,
}
`;

exports[`career/nature long-tail render goldens (default state) > renders + pins a digest for lifeSkills 1`] = `
{
  "buttons": 65,
  "inputs": 1,
  "lengthBucket": 308,
  "sha": "08e00236d9e097f5",
  "svgs": 0,
}
`;

exports[`career/nature long-tail render goldens (default state) > renders + pins a digest for llmLiteracy 1`] = `
{
  "buttons": 13,
  "inputs": 0,
  "lengthBucket": 149,
  "sha": "60ce42f5fc233a77",
  "svgs": 0,
}
`;

exports[`career/nature long-tail render goldens (default state) > renders + pins a digest for migration 1`] = `
{
  "buttons": 13,
  "inputs": 1,
  "lengthBucket": 43,
  "sha": "5ddf1bfb6df112bc",
  "svgs": 0,
}
`;

exports[`career/nature long-tail render goldens (default state) > renders + pins a digest for oratory 1`] = `
{
  "buttons": 16,
  "inputs": 0,
  "lengthBucket": 57,
  "sha": "29bf741c8ef2de47",
  "svgs": 0,
}
`;

exports[`career/nature long-tail render goldens (default state) > renders + pins a digest for petsLab 1`] = `
{
  "buttons": 34,
  "inputs": 1,
  "lengthBucket": 170,
  "sha": "e8f4474b68706332",
  "svgs": 0,
}
`;

exports[`career/nature long-tail render goldens (default state) > renders + pins a digest for playlab 1`] = `
{
  "buttons": 31,
  "inputs": 4,
  "lengthBucket": 92,
  "sha": "4f6ecf0a5c3d5887",
  "svgs": 0,
}
`;

exports[`career/nature long-tail render goldens (default state) > renders + pins a digest for renewablesLab 1`] = `
{
  "buttons": 12,
  "inputs": 0,
  "lengthBucket": 65,
  "sha": "a258db73ddfc2df3",
  "svgs": 0,
}
`;

exports[`career/nature long-tail render goldens (default state) > renders + pins a digest for singing 1`] = `
{
  "buttons": 29,
  "inputs": 0,
  "lengthBucket": 60,
  "sha": "98dc9b27020dbe26",
  "svgs": 0,
}
`;

exports[`career/nature long-tail render goldens (default state) > renders + pins a digest for stewardshipHub 1`] = `
{
  "buttons": 2,
  "inputs": 0,
  "lengthBucket": 17,
  "sha": "0be2f2fb13d5c4e1",
  "svgs": 0,
}
`;

exports[`career/nature long-tail render goldens (default state) > renders + pins a digest for typingPractice 1`] = `
{
  "buttons": 45,
  "inputs": 1,
  "lengthBucket": 198,
  "sha": "b8c6bdc6e98d069f",
  "svgs": 0,
}
`;

exports[`career/nature long-tail render goldens (default state) > renders + pins a digest for worldBuilder 1`] = `
{
  "buttons": 15,
  "inputs": 7,
  "lengthBucket": 63,
  "sha": "a7718d5d6633b37f",
  "svgs": 1,
}
`;
