// Vitest Snapshot v1, https://vitest.dev/guide/snapshot.html

exports[`STEM tool render goldens (default state) > renders + pins a digest for accessLens 1`] = `
{
  "buttons": 8,
  "inputs": 1,
  "lengthBucket": 25,
  "sha": "bf03cdc1005db76b",
  "svgs": 0,
}
`;

exports[`STEM tool render goldens (default state) > renders + pins a digest for aquacultureLab 1`] = `
{
  "buttons": 144,
  "inputs": 0,
  "lengthBucket": 289,
  "sha": "6eda6f86e2be1180",
  "svgs": 0,
}
`;

exports[`STEM tool render goldens (default state) > renders + pins a digest for aquarium 1`] = `
{
  "buttons": 24,
  "inputs": 0,
  "lengthBucket": 146,
  "sha": "59627a0487005215",
  "svgs": 0,
}
`;

exports[`STEM tool render goldens (default state) > renders + pins a digest for behaviorLab 1`] = `
{
  "buttons": 24,
  "inputs": 4,
  "lengthBucket": 63,
  "sha": "1dcac7aa647f3ec1",
  "svgs": 0,
}
`;

exports[`STEM tool render goldens (default state) > renders + pins a digest for cellularLab 1`] = `
{
  "buttons": 52,
  "inputs": 3,
  "lengthBucket": 131,
  "sha": "97520eb34b866735",
  "svgs": 1,
}
`;

exports[`STEM tool render goldens (default state) > renders + pins a digest for climateExplorer 1`] = `
{
  "buttons": 39,
  "inputs": 0,
  "lengthBucket": 169,
  "sha": "12540ec95ee86cc2",
  "svgs": 0,
}
`;

exports[`STEM tool render goldens (default state) > renders + pins a digest for ecosystem 1`] = `
{
  "buttons": 33,
  "inputs": 8,
  "lengthBucket": 120,
  "sha": "f46ac9d995832500",
  "svgs": 0,
}
`;

exports[`STEM tool render goldens (default state) > renders + pins a digest for evoLab 1`] = `
{
  "buttons": 28,
  "inputs": 0,
  "lengthBucket": 190,
  "sha": "e2e34f4ae9930c66",
  "svgs": 0,
}
`;

exports[`STEM tool render goldens (default state) > renders + pins a digest for geologyExplorer 1`] = `
{
  "buttons": 23,
  "inputs": 1,
  "lengthBucket": 73,
  "sha": "f5c21a481f6fdb76",
  "svgs": 1,
}
`;

exports[`STEM tool render goldens (default state) > renders + pins a digest for geometryWorld 1`] = `
{
  "buttons": 0,
  "inputs": 0,
  "lengthBucket": 7,
  "sha": "01bdff13551f4ed3",
  "svgs": 0,
}
`;

exports[`STEM tool render goldens (default state) > renders + pins a digest for musicSynth 1`] = `
{
  "buttons": 118,
  "inputs": 14,
  "lengthBucket": 239,
  "sha": "8dca4d2f6262516b",
  "svgs": 1,
}
`;

exports[`STEM tool render goldens (default state) > renders + pins a digest for opticsLab 1`] = `
{
  "buttons": 34,
  "inputs": 0,
  "lengthBucket": 106,
  "sha": "c1448eb28cb7f67d",
  "svgs": 0,
}
`;

exports[`STEM tool render goldens (default state) > renders + pins a digest for spaceColony 1`] = `
{
  "buttons": 16,
  "inputs": 7,
  "lengthBucket": 100,
  "sha": "5cb80c5760b0aeb8",
  "svgs": 1,
}
`;

exports[`STEM tool render goldens (default state) > renders + pins a digest for worldBuilder 1`] = `
{
  "buttons": 15,
  "inputs": 7,
  "lengthBucket": 62,
  "sha": "a067214b0d2a7bcd",
  "svgs": 1,
}
`;
