// Vitest Snapshot v1, https://vitest.dev/guide/snapshot.html

exports[`basic-math manipulatives render goldens (default state) > renders + pins a digest for areamodel 1`] = `
{
  "buttons": 42,
  "circles": 0,
  "inputs": 3,
  "lengthBucket": 100,
  "rects": 0,
  "sha": "a0724ef26ff132a5",
  "svgs": 0,
}
`;

exports[`basic-math manipulatives render goldens (default state) > renders + pins a digest for base10 1`] = `
{
  "buttons": 51,
  "circles": 0,
  "inputs": 1,
  "lengthBucket": 73,
  "rects": 0,
  "sha": "0c982f18d101b020",
  "svgs": 0,
}
`;

exports[`basic-math manipulatives render goldens (default state) > renders + pins a digest for coordinate 1`] = `
{
  "buttons": 14,
  "circles": 0,
  "inputs": 1,
  "lengthBucket": 49,
  "rects": 0,
  "sha": "8507a7f84bbd0efe",
  "svgs": 1,
}
`;

exports[`basic-math manipulatives render goldens (default state) > renders + pins a digest for fractionViz 1`] = `
{
  "buttons": 41,
  "circles": 1,
  "inputs": 2,
  "lengthBucket": 75,
  "rects": 0,
  "sha": "9558ab0afdd95168",
  "svgs": 1,
}
`;

exports[`basic-math manipulatives render goldens (default state) > renders + pins a digest for fractions 1`] = `
{
  "buttons": 41,
  "circles": 1,
  "inputs": 2,
  "lengthBucket": 75,
  "rects": 0,
  "sha": "9558ab0afdd95168",
  "svgs": 1,
}
`;

exports[`basic-math manipulatives render goldens (default state) > renders + pins a digest for moneyMath 1`] = `
{
  "buttons": 29,
  "circles": 7,
  "inputs": 0,
  "lengthBucket": 104,
  "rects": 9,
  "sha": "d2d45e18e9e86039",
  "svgs": 1,
}
`;

exports[`basic-math manipulatives render goldens (default state) > renders + pins a digest for multtable 1`] = `
{
  "buttons": 22,
  "circles": 0,
  "inputs": 4,
  "lengthBucket": 144,
  "rects": 0,
  "sha": "31e3a8aa4dc867b2",
  "svgs": 0,
}
`;

exports[`basic-math manipulatives render goldens (default state) > renders + pins a digest for numberline 1`] = `
{
  "buttons": 21,
  "circles": 0,
  "inputs": 5,
  "lengthBucket": 82,
  "rects": 1,
  "sha": "166cc2311d952827",
  "svgs": 2,
}
`;

exports[`basic-math manipulatives render goldens (default state) > renders + pins a digest for protractor 1`] = `
{
  "buttons": 69,
  "circles": 3,
  "inputs": 4,
  "lengthBucket": 139,
  "rects": 0,
  "sha": "c230319e5223f56e",
  "svgs": 1,
}
`;

exports[`basic-math manipulatives render goldens (default state) > renders + pins a digest for volume 1`] = `
{
  "buttons": 26,
  "circles": 0,
  "inputs": 9,
  "lengthBucket": 155,
  "rects": 0,
  "sha": "e09ff7cd68f8d8b5",
  "svgs": 0,
}
`;
