// Vitest Snapshot v1, https://vitest.dev/guide/snapshot.html

exports[`career/nature long-tail render goldens (default state) > renders + pins a digest for autoRepair 1`] = `
{
  "buttons": 38,
  "inputs": 0,
  "lengthBucket": 119,
  "sha": "2f4fe9485976185b",
  "svgs": 0,
}
`;

exports[`career/nature long-tail render goldens (default state) > renders + pins a digest for behaviorLab 1`] = `
{
  "buttons": 24,
  "inputs": 4,
  "lengthBucket": 52,
  "sha": "58da9f91d2cdfaba",
  "svgs": 0,
}
`;

exports[`career/nature long-tail render goldens (default state) > renders + pins a digest for bikeLab 1`] = `
{
  "buttons": 11,
  "inputs": 0,
  "lengthBucket": 71,
  "sha": "d2cec5f6a9d8d8a5",
  "svgs": 0,
}
`;

exports[`career/nature long-tail render goldens (default state) > renders + pins a digest for codingPlayground 1`] = `
{
  "buttons": 54,
  "inputs": 3,
  "lengthBucket": 163,
  "sha": "ae822705e61728f1",
  "svgs": 1,
}
`;

exports[`career/nature long-tail render goldens (default state) > renders + pins a digest for companionPlanting 1`] = `
{
  "buttons": 33,
  "inputs": 4,
  "lengthBucket": 82,
  "sha": "1d3229d499751ac0",
  "svgs": 0,
}
`;

exports[`career/nature long-tail render goldens (default state) > renders + pins a digest for decomposer 1`] = `
{
  "buttons": 30,
  "inputs": 0,
  "lengthBucket": 84,
  "sha": "03cd60d57c7a1993",
  "svgs": 0,
}
`;

exports[`career/nature long-tail render goldens (default state) > renders + pins a digest for economicsLab 1`] = `
{
  "buttons": 26,
  "inputs": 5,
  "lengthBucket": 65,
  "sha": "93600fcff1a0a1a4",
  "svgs": 0,
}
`;

exports[`career/nature long-tail render goldens (default state) > renders + pins a digest for evoLab 1`] = `
{
  "buttons": 20,
  "inputs": 0,
  "lengthBucket": 130,
  "sha": "c7b633c76f3a91e0",
  "svgs": 0,
}
`;

exports[`career/nature long-tail render goldens (default state) > renders + pins a digest for firstResponse 1`] = `
{
  "buttons": 1,
  "inputs": 0,
  "lengthBucket": 9,
  "sha": "c70c3ea456f9b826",
  "svgs": 0,
}
`;

exports[`career/nature long-tail render goldens (default state) > renders + pins a digest for lifeSkills 1`] = `
{
  "buttons": 15,
  "inputs": 2,
  "lengthBucket": 70,
  "sha": "e0177d2b00bbb9c1",
  "svgs": 0,
}
`;

exports[`career/nature long-tail render goldens (default state) > renders + pins a digest for llmLiteracy 1`] = `
{
  "buttons": 13,
  "inputs": 0,
  "lengthBucket": 144,
  "sha": "007165c395cb1416",
  "svgs": 0,
}
`;

exports[`career/nature long-tail render goldens (default state) > renders + pins a digest for migration 1`] = `
{
  "buttons": 16,
  "inputs": 6,
  "lengthBucket": 77,
  "sha": "ae32bc29f91f0ba1",
  "svgs": 0,
}
`;

exports[`career/nature long-tail render goldens (default state) > renders + pins a digest for oratory 1`] = `
{
  "buttons": 16,
  "inputs": 0,
  "lengthBucket": 54,
  "sha": "3b3eedd207afea70",
  "svgs": 0,
}
`;

exports[`career/nature long-tail render goldens (default state) > renders + pins a digest for petsLab 1`] = `
{
  "buttons": 35,
  "inputs": 6,
  "lengthBucket": 146,
  "sha": "5fc21bdcdea54306",
  "svgs": 1,
}
`;

exports[`career/nature long-tail render goldens (default state) > renders + pins a digest for playlab 1`] = `
{
  "buttons": 0,
  "inputs": 0,
  "lengthBucket": 0,
  "sha": "c9721cb5b5585003",
  "svgs": 0,
}
`;

exports[`career/nature long-tail render goldens (default state) > renders + pins a digest for renewablesLab 1`] = `
{
  "buttons": 32,
  "inputs": 0,
  "lengthBucket": 127,
  "sha": "e7c29f610f2aec12",
  "svgs": 0,
}
`;

exports[`career/nature long-tail render goldens (default state) > renders + pins a digest for singing 1`] = `
{
  "buttons": 29,
  "inputs": 0,
  "lengthBucket": 55,
  "sha": "2a16cc7f59622f29",
  "svgs": 0,
}
`;

exports[`career/nature long-tail render goldens (default state) > renders + pins a digest for stewardshipHub 1`] = `
{
  "buttons": 2,
  "inputs": 0,
  "lengthBucket": 17,
  "sha": "702076f8956b43f0",
  "svgs": 0,
}
`;

exports[`career/nature long-tail render goldens (default state) > renders + pins a digest for typingPractice 1`] = `
{
  "buttons": 36,
  "inputs": 0,
  "lengthBucket": 151,
  "sha": "d34371edf4daaa5b",
  "svgs": 0,
}
`;

exports[`career/nature long-tail render goldens (default state) > renders + pins a digest for worldBuilder 1`] = `
{
  "buttons": 15,
  "inputs": 7,
  "lengthBucket": 62,
  "sha": "785f99df9fff6bdd",
  "svgs": 1,
}
`;
