// Vitest Snapshot v1, https://vitest.dev/guide/snapshot.html

exports[`basic-math manipulatives render goldens (default state) > renders + pins a digest for areamodel 1`] = `
{
  "buttons": 42,
  "circles": 0,
  "inputs": 5,
  "lengthBucket": 80,
  "rects": 0,
  "sha": "28d2de9f795f3f4a",
  "svgs": 0,
}
`;

exports[`basic-math manipulatives render goldens (default state) > renders + pins a digest for base10 1`] = `
{
  "buttons": 34,
  "circles": 0,
  "inputs": 1,
  "lengthBucket": 85,
  "rects": 0,
  "sha": "c273bbb37640cff2",
  "svgs": 0,
}
`;

exports[`basic-math manipulatives render goldens (default state) > renders + pins a digest for coordinate 1`] = `
{
  "buttons": 15,
  "circles": 0,
  "inputs": 3,
  "lengthBucket": 75,
  "rects": 0,
  "sha": "5ba756b88934d4a4",
  "svgs": 1,
}
`;

exports[`basic-math manipulatives render goldens (default state) > renders + pins a digest for fractionViz 1`] = `
{
  "buttons": 45,
  "circles": 1,
  "inputs": 2,
  "lengthBucket": 86,
  "rects": 0,
  "sha": "1f635491e40524d9",
  "svgs": 1,
}
`;

exports[`basic-math manipulatives render goldens (default state) > renders + pins a digest for fractions 1`] = `
{
  "buttons": 45,
  "circles": 1,
  "inputs": 2,
  "lengthBucket": 86,
  "rects": 0,
  "sha": "1f635491e40524d9",
  "svgs": 1,
}
`;

exports[`basic-math manipulatives render goldens (default state) > renders + pins a digest for moneyMath 1`] = `
{
  "buttons": 29,
  "circles": 7,
  "inputs": 0,
  "lengthBucket": 170,
  "rects": 9,
  "sha": "87667c9a044fd8fa",
  "svgs": 1,
}
`;

exports[`basic-math manipulatives render goldens (default state) > renders + pins a digest for multtable 1`] = `
{
  "buttons": 23,
  "circles": 0,
  "inputs": 4,
  "lengthBucket": 177,
  "rects": 0,
  "sha": "f8ee232c54e36924",
  "svgs": 0,
}
`;

exports[`basic-math manipulatives render goldens (default state) > renders + pins a digest for numberline 1`] = `
{
  "buttons": 21,
  "circles": 0,
  "inputs": 5,
  "lengthBucket": 88,
  "rects": 1,
  "sha": "95005b6c538b0032",
  "svgs": 2,
}
`;

exports[`basic-math manipulatives render goldens (default state) > renders + pins a digest for protractor 1`] = `
{
  "buttons": 69,
  "circles": 3,
  "inputs": 4,
  "lengthBucket": 164,
  "rects": 0,
  "sha": "8dcb73ca60160056",
  "svgs": 1,
}
`;

exports[`basic-math manipulatives render goldens (default state) > renders + pins a digest for volume 1`] = `
{
  "buttons": 33,
  "circles": 0,
  "inputs": 6,
  "lengthBucket": 208,
  "rects": 0,
  "sha": "5d676a9d49fad626",
  "svgs": 0,
}
`;
