// Vitest Snapshot v1, https://vitest.dev/guide/snapshot.html

exports[`STEM tool render goldens (default state) > renders + pins a digest for accessLens 1`] = `
{
  "buttons": 8,
  "inputs": 1,
  "lengthBucket": 25,
  "sha": "bf03cdc1005db76b",
  "svgs": 0,
}
`;

exports[`STEM tool render goldens (default state) > renders + pins a digest for aquacultureLab 1`] = `
{
  "buttons": 144,
  "inputs": 0,
  "lengthBucket": 289,
  "sha": "6eda6f86e2be1180",
  "svgs": 0,
}
`;

exports[`STEM tool render goldens (default state) > renders + pins a digest for aquarium 1`] = `
{
  "buttons": 24,
  "inputs": 0,
  "lengthBucket": 146,
  "sha": "59627a0487005215",
  "svgs": 0,
}
`;

exports[`STEM tool render goldens (default state) > renders + pins a digest for behaviorLab 1`] = `
{
  "buttons": 24,
  "inputs": 4,
  "lengthBucket": 53,
  "sha": "c060a5d21069fbe2",
  "svgs": 0,
}
`;

exports[`STEM tool render goldens (default state) > renders + pins a digest for cellularLab 1`] = `
{
  "buttons": 22,
  "inputs": 1,
  "lengthBucket": 64,
  "sha": "eb5a813a25fa458a",
  "svgs": 1,
}
`;

exports[`STEM tool render goldens (default state) > renders + pins a digest for climateExplorer 1`] = `
{
  "buttons": 39,
  "inputs": 0,
  "lengthBucket": 166,
  "sha": "b58c56f4befa904b",
  "svgs": 0,
}
`;

exports[`STEM tool render goldens (default state) > renders + pins a digest for ecosystem 1`] = `
{
  "buttons": 33,
  "inputs": 8,
  "lengthBucket": 117,
  "sha": "1348f5982ec2886d",
  "svgs": 0,
}
`;

exports[`STEM tool render goldens (default state) > renders + pins a digest for evoLab 1`] = `
{
  "buttons": 28,
  "inputs": 0,
  "lengthBucket": 190,
  "sha": "7cd39f8b18892f76",
  "svgs": 0,
}
`;

exports[`STEM tool render goldens (default state) > renders + pins a digest for geologyExplorer 1`] = `
{
  "buttons": 23,
  "inputs": 1,
  "lengthBucket": 59,
  "sha": "5884a8064ab944cf",
  "svgs": 1,
}
`;

exports[`STEM tool render goldens (default state) > renders + pins a digest for geometryWorld 1`] = `
{
  "buttons": 0,
  "inputs": 0,
  "lengthBucket": 7,
  "sha": "01bdff13551f4ed3",
  "svgs": 0,
}
`;

exports[`STEM tool render goldens (default state) > renders + pins a digest for musicSynth 1`] = `
{
  "buttons": 118,
  "inputs": 14,
  "lengthBucket": 238,
  "sha": "4336be7cb59bad6e",
  "svgs": 1,
}
`;

exports[`STEM tool render goldens (default state) > renders + pins a digest for opticsLab 1`] = `
{
  "buttons": 34,
  "inputs": 0,
  "lengthBucket": 101,
  "sha": "d791730eef303d91",
  "svgs": 0,
}
`;

exports[`STEM tool render goldens (default state) > renders + pins a digest for spaceColony 1`] = `
{
  "buttons": 13,
  "inputs": 6,
  "lengthBucket": 57,
  "sha": "a8c7e0ada8b61f7e",
  "svgs": 1,
}
`;

exports[`STEM tool render goldens (default state) > renders + pins a digest for worldBuilder 1`] = `
{
  "buttons": 15,
  "inputs": 7,
  "lengthBucket": 62,
  "sha": "be17112a5e48ede3",
  "svgs": 1,
}
`;
